prueba
stop
